<?xml version="1.0" encoding="UTF-8"?>
<testsuites tests="2" failures="0" disabled="0" errors="0" time="0" timestamp="2024-05-09T06:52:51.788" name="AllTests">
  <testsuite name="SquareRootTest" tests="2" failures="0" disabled="0" skipped="0" errors="0" time="0" timestamp="2024-05-09T06:52:51.788">
    <testcase name="PositiveNos" status="run" result="completed" time="0" timestamp="2024-05-09T06:52:51.788" classname="SquareRootTest" />
    <testcase name="NegativeNos" status="run" result="completed" time="0" timestamp="2024-05-09T06:52:51.788" classname="SquareRootTest" />
  </testsuite>
</testsuites>
